2026-04-18 16:45:04,934 [INFO] ============================================================
2026-04-18 16:45:04,934 [INFO] AprovAi — MODEL TRAINING PIPELINE
2026-04-18 16:45:04,935 [INFO] ============================================================
2026-04-18 16:45:04,935 [INFO] Loading datasets …
2026-04-18 16:45:06,915 [INFO] Application rows: 438,557  |  Credit rows: 1,048,575
2026-04-18 16:45:06,915 [INFO] Creating target variable …
2026-04-18 16:45:07,219 [INFO] Merging datasets …
2026-04-18 16:45:07,383 [INFO] Merged size: 36,457
2026-04-18 16:45:07,443 [INFO] Null values remaining: 0
2026-04-18 16:45:07,443 [INFO] Feature engineering …
2026-04-18 16:45:07,502 [INFO] Features after engineering: ['CODE_GENDER', 'FLAG_OWN_CAR', 'FLAG_OWN_REALTY', 'CNT_CHILDREN', 'AMT_INCOME_TOTAL', 'NAME_INCOME_TYPE', 'NAME_EDUCATION_TYPE', 'NAME_FAMILY_STATUS', 'NAME_HOUSING_TYPE', 'FLAG_WORK_PHONE', 'FLAG_PHONE', 'FLAG_EMAIL', 'OCCUPATION_TYPE', 'CNT_FAM_MEMBERS', 'target', 'AGE_YEARS', 'EMPLOYED_YEARS', 'IS_EMPLOYED', 'INCOME_PER_MEMBER', 'INCOME_PER_CHILD', 'CONTACT_SCORE', 'CREDIT_LIMIT']
2026-04-18 16:45:07,502 [INFO] Encoding categorical variables …
2026-04-18 16:45:07,594 [INFO] Feature matrix shape: (36457, 50)
2026-04-18 16:45:07,770 [INFO] 
============================================================
2026-04-18 16:45:07,770 [INFO] CLASSIFICATION — TRAINING MULTIPLE MODELS
2026-04-18 16:45:07,770 [INFO] ============================================================
2026-04-18 16:45:07,772 [INFO] 
Training Logistic Regression …
2026-04-18 16:45:08,850 [INFO]   Accuracy : 0.5680
2026-04-18 16:45:08,850 [INFO]   F1       : 0.7020  (train F1: 0.7064,  gap: 0.0044)
2026-04-18 16:45:08,850 [INFO]   Threshold: 0.30
2026-04-18 16:45:08,850 [INFO] 
Training Decision Tree …
2026-04-18 16:45:09,287 [INFO]   Accuracy : 0.6354
2026-04-18 16:45:09,289 [INFO]   F1       : 0.7594  (train F1: 0.7774,  gap: 0.0180)
2026-04-18 16:45:09,289 [INFO]   Threshold: 0.30
2026-04-18 16:45:09,289 [INFO] 
Training Random Forest …
2026-04-18 16:45:10,696 [INFO]   Accuracy : 0.7925
2026-04-18 16:45:10,698 [INFO]   F1       : 0.8769  (train F1: 0.8980,  gap: 0.0211)
2026-04-18 16:45:10,698 [INFO]   Threshold: 0.35
2026-04-18 16:45:10,698 [INFO] 
Training Gradient Boosting …
2026-04-18 16:45:20,939 [INFO]   Accuracy : 0.8822
2026-04-18 16:45:20,939 [INFO]   F1       : 0.9373  (train F1: 0.9387,  gap: 0.0013)
2026-04-18 16:45:20,939 [INFO]   Threshold: 0.70
2026-04-18 16:45:20,963 [INFO] 
              Model  Accuracy  Precision   Recall       F1  Train_F1  Overfit_Gap  Best_Threshold
Logistic Regression  0.568020   0.897002 0.576624 0.701987  0.706365     0.004378            0.30
      Decision Tree  0.635354   0.908815 0.652160 0.759388  0.777417     0.018028            0.30
      Random Forest  0.792512   0.919952 0.837737 0.876922  0.898038     0.021117            0.35
  Gradient Boosting  0.882200   0.883056 0.998757 0.937350  0.938689     0.001340            0.70
2026-04-18 16:45:20,963 [INFO] 
Best classifier: Gradient Boosting  F1=0.9373
2026-04-18 16:45:20,963 [INFO] 
Hyperparameter tuning for Gradient Boosting …
2026-04-18 16:50:23,636 [INFO]   Best params : {'learning_rate': 0.1, 'max_depth': 5, 'n_estimators': 100}
2026-04-18 16:50:23,652 [INFO]   Best CV F1  : 0.9383
2026-04-18 16:50:23,698 [INFO] 
Top feature importances (classifier):
2026-04-18 16:50:23,704 [INFO]   AGE_YEARS                                     0.2326
2026-04-18 16:50:23,704 [INFO]   EMPLOYED_YEARS                                0.1827
2026-04-18 16:50:23,707 [INFO]   INCOME_PER_CHILD                              0.0882
2026-04-18 16:50:23,707 [INFO]   INCOME_PER_MEMBER                             0.0834
2026-04-18 16:50:23,708 [INFO]   AMT_INCOME_TOTAL                              0.0600
2026-04-18 16:50:23,710 [INFO]   FLAG_EMAIL                                    0.0242
2026-04-18 16:50:23,715 [INFO]   NAME_INCOME_TYPE_Pensioner                    0.0168
2026-04-18 16:50:23,718 [INFO]   NAME_EDUCATION_TYPE_Higher education          0.0161
2026-04-18 16:50:23,723 [INFO]   CNT_FAM_MEMBERS                               0.0150
2026-04-18 16:50:23,723 [INFO]   NAME_EDUCATION_TYPE_Incomplete higher         0.0141
2026-04-18 16:50:23,723 [INFO]   FLAG_OWN_CAR_Y                                0.0124
2026-04-18 16:50:23,723 [INFO]   FLAG_OWN_REALTY_Y                             0.0119
2026-04-18 16:50:23,723 [INFO]   CONTACT_SCORE                                 0.0119
2026-04-18 16:50:23,723 [INFO]   OCCUPATION_TYPE_Waiters/barmen staff          0.0119
2026-04-18 16:50:23,728 [INFO]   CNT_CHILDREN                                  0.0112
2026-04-18 16:50:23,730 [INFO] 
============================================================
2026-04-18 16:50:23,730 [INFO] REGRESSION — CREDIT LIMIT PREDICTION
2026-04-18 16:50:23,730 [INFO] ============================================================
2026-04-18 16:50:23,821 [INFO]   Ridge Regression                MAE=17,530  R²=-0.0014
2026-04-18 16:50:27,420 [INFO]   Random Forest Regressor         MAE=17,541  R²=-0.0046
2026-04-18 16:50:27,469 [INFO] 
All artifacts saved to './'
2026-04-18 16:50:27,471 [INFO] 
============================================================
2026-04-18 16:50:27,479 [INFO] ============================================================
